// Jest Snapshot v1, https://goo.gl/fbAQLP

exports[`<Layout /> Snaphot must match container 1`] = `
<div
  className="border container"
>
  Container
</div>
`;
