// Jest Snapshot v1, https://goo.gl/fbAQLP

exports[`<Avatar /> Snaphot must match avatarParentChild 1`] = `
<div
  className="avatar-parent-child float-left"
>
  <img
    alt="parent"
    className="avatar"
    height={48}
    src="https://user-images.githubusercontent.com/334891/29999089-2837c968-9009-11e7-92c1-6a7540a594d5.png"
    width={48}
  />
  <img
    alt="child"
    className="avatar avatar-child"
    height={20}
    src="https://user-images.githubusercontent.com/334891/29999089-2837c968-9009-11e7-92c1-6a7540a594d5.png"
    width={20}
  />
</div>
`;
